{
  "version": "1.5.0",
  "plugins_used": [
    {
      "name": "ArtifactoryDetector"
    },
    {
      "name": "AWSKeyDetector"
    },
    {
      "name": "AzureStorageKeyDetector"
    },
    {
      "name": "Base64HighEntropyString",
      "limit": 4.5
    },
    {
      "name": "BasicAuthDetector"
    },
    {
      "name": "CloudantDetector"
    },
    {
      "name": "DiscordBotTokenDetector"
    },
    {
      "name": "GitHubTokenDetector"
    },
    {
      "name": "GitLabTokenDetector"
    },
    {
      "name": "HexHighEntropyString",
      "limit": 3.0
    },
    {
      "name": "IbmCloudIamDetector"
    },
    {
      "name": "IbmCosHmacDetector"
    },
    {
      "name": "IPPublicDetector"
    },
    {
      "name": "JwtTokenDetector"
    },
    {
      "name": "KeywordDetector",
      "keyword_exclude": ""
    },
    {
      "name": "MailchimpDetector"
    },
    {
      "name": "NpmDetector"
    },
    {
      "name": "OpenAIDetector"
    },
    {
      "name": "PrivateKeyDetector"
    },
    {
      "name": "PypiTokenDetector"
    },
    {
      "name": "SendGridDetector"
    },
    {
      "name": "SlackDetector"
    },
    {
      "name": "SoftlayerDetector"
    },
    {
      "name": "SquareOAuthDetector"
    },
    {
      "name": "StripeDetector"
    },
    {
      "name": "TelegramBotTokenDetector"
    },
    {
      "name": "TwilioKeyDetector"
    }
  ],
  "filters_used": [
    {
      "path": "detect_secrets.filters.allowlist.is_line_allowlisted"
    },
    {
      "path": "detect_secrets.filters.common.is_baseline_file",
      "filename": ".secrets.baseline"
    },
    {
      "path": "detect_secrets.filters.common.is_ignored_due_to_verification_policies",
      "min_level": 2
    },
    {
      "path": "detect_secrets.filters.heuristic.is_indirect_reference"
    },
    {
      "path": "detect_secrets.filters.heuristic.is_likely_id_string"
    },
    {
      "path": "detect_secrets.filters.heuristic.is_lock_file"
    },
    {
      "path": "detect_secrets.filters.heuristic.is_not_alphanumeric_string"
    },
    {
      "path": "detect_secrets.filters.heuristic.is_potential_uuid"
    },
    {
      "path": "detect_secrets.filters.heuristic.is_prefixed_with_dollar_sign"
    },
    {
      "path": "detect_secrets.filters.heuristic.is_sequential_string"
    },
    {
      "path": "detect_secrets.filters.heuristic.is_swagger_file"
    },
    {
      "path": "detect_secrets.filters.heuristic.is_templated_secret"
    }
  ],
  "results": {
    ".env-e": [
      {
        "type": "Basic Auth Credentials",
        "filename": ".env-e",
        "hashed_secret": "e6eb8427693ab53fc4ea684b001a7b77090ee3d0",
        "is_verified": false,
        "line_number": 7
      }
    ],
    ".env.example": [
      {
        "type": "Basic Auth Credentials",
        "filename": ".env.example",
        "hashed_secret": "e6eb8427693ab53fc4ea684b001a7b77090ee3d0",
        "is_verified": false,
        "line_number": 7
      }
    ],
    ".env.template": [
      {
        "type": "Basic Auth Credentials",
        "filename": ".env.template",
        "hashed_secret": "53feb599c973787bf3b447ed1d77d9234c314b45",
        "is_verified": false,
        "line_number": 95
      }
    ],
    ".github/workflows/deploy-docs.yml": [
      {
        "type": "Secret Keyword",
        "filename": ".github/workflows/deploy-docs.yml",
        "hashed_secret": "f8e9f31287556c7d83f8536c502961e1d83c73f5",
        "is_verified": false,
        "line_number": 34
      },
      {
        "type": "Basic Auth Credentials",
        "filename": ".github/workflows/deploy-docs.yml",
        "hashed_secret": "f8e9f31287556c7d83f8536c502961e1d83c73f5",
        "is_verified": false,
        "line_number": 84
      },
      {
        "type": "Secret Keyword",
        "filename": ".github/workflows/deploy-docs.yml",
        "hashed_secret": "f4e7cb09f1f4e20e1372a9416f240f466ca19074",
        "is_verified": false,
        "line_number": 86
      },
      {
        "type": "Secret Keyword",
        "filename": ".github/workflows/deploy-docs.yml",
        "hashed_secret": "2e7a7ee14caebf378fc32d6cf6f557f347c96773",
        "is_verified": false,
        "line_number": 87
      }
    ],
    ".github/workflows/integration-tests.yml": [
      {
        "type": "Hex High Entropy String",
        "filename": ".github/workflows/integration-tests.yml",
        "hashed_secret": "0df47590ae84c80809f6c176959f8a9b01bbeb75",
        "is_verified": false,
        "line_number": 16
      },
      {
        "type": "Secret Keyword",
        "filename": ".github/workflows/integration-tests.yml",
        "hashed_secret": "0df47590ae84c80809f6c176959f8a9b01bbeb75",
        "is_verified": false,
        "line_number": 16
      },
      {
        "type": "Hex High Entropy String",
        "filename": ".github/workflows/integration-tests.yml",
        "hashed_secret": "e08196ad8b850924d81fee8106e9ab4a8c3514e2",
        "is_verified": false,
        "line_number": 17
      },
      {
        "type": "Secret Keyword",
        "filename": ".github/workflows/integration-tests.yml",
        "hashed_secret": "e08196ad8b850924d81fee8106e9ab4a8c3514e2",
        "is_verified": false,
        "line_number": 17
      },
      {
        "type": "Secret Keyword",
        "filename": ".github/workflows/integration-tests.yml",
        "hashed_secret": "596223fda3a68195cd669e2ec87b605c8cb903b3",
        "is_verified": false,
        "line_number": 18
      },
      {
        "type": "Basic Auth Credentials",
        "filename": ".github/workflows/integration-tests.yml",
        "hashed_secret": "596223fda3a68195cd669e2ec87b605c8cb903b3",
        "is_verified": false,
        "line_number": 19
      },
      {
        "type": "Secret Keyword",
        "filename": ".github/workflows/integration-tests.yml",
        "hashed_secret": "9d1a1b3aee04eccc85bd485e084fe8da567bb9ed",
        "is_verified": false,
        "line_number": 21
      },
      {
        "type": "Secret Keyword",
        "filename": ".github/workflows/integration-tests.yml",
        "hashed_secret": "3995e2e51a2b759489c4c77b2b54c41dee10ea96",
        "is_verified": false,
        "line_number": 23
      },
      {
        "type": "Secret Keyword",
        "filename": ".github/workflows/integration-tests.yml",
        "hashed_secret": "2f79a7c5d6ceeff4de154e83c0037e8d13b52cf8",
        "is_verified": false,
        "line_number": 24
      },
      {
        "type": "Secret Keyword",
        "filename": ".github/workflows/integration-tests.yml",
        "hashed_secret": "f35ad3974b9c59336fbbbbff1b8193ec240b4ba7",
        "is_verified": false,
        "line_number": 25
      }
    ],
    "CI_SECRETS_SETUP.md": [
      {
        "type": "Basic Auth Credentials",
        "filename": "CI_SECRETS_SETUP.md",
        "hashed_secret": "ae95f4897d3947da26b7aceeb868b69098c797ab",
        "is_verified": false,
        "line_number": 47
      },
      {
        "type": "Secret Keyword",
        "filename": "CI_SECRETS_SETUP.md",
        "hashed_secret": "8b7e7e7fccdb3aa1bd27b329c3b17a548abe4273",
        "is_verified": false,
        "line_number": 88
      }
    ],
    "CRITICAL_SECURITY_REMEDIATION.md": [
      {
        "type": "Basic Auth Credentials",
        "filename": "CRITICAL_SECURITY_REMEDIATION.md",
        "hashed_secret": "afc848c316af1a89d49826c5ae9d00ed769415f3",
        "is_verified": false,
        "line_number": 136
      },
      {
        "type": "Private Key",
        "filename": "CRITICAL_SECURITY_REMEDIATION.md",
        "hashed_secret": "1348b145fa1a555461c1b790a2f66614781091e9",
        "is_verified": false,
        "line_number": 232
      }
    ],
    "PR_PHASE1_CRITICAL_FIXES.md": [
      {
        "type": "Basic Auth Credentials",
        "filename": "PR_PHASE1_CRITICAL_FIXES.md",
        "hashed_secret": "afc848c316af1a89d49826c5ae9d00ed769415f3",
        "is_verified": false,
        "line_number": 154
      },
      {
        "type": "Basic Auth Credentials",
        "filename": "PR_PHASE1_CRITICAL_FIXES.md",
        "hashed_secret": "53feb599c973787bf3b447ed1d77d9234c314b45",
        "is_verified": false,
        "line_number": 193
      }
    ],
    "SECURITY_INCIDENT_RESPONSE.md": [
      {
        "type": "Base64 High Entropy String",
        "filename": "SECURITY_INCIDENT_RESPONSE.md",
        "hashed_secret": "ac6c6de7e9533cc1f520da853a8c990dcf1b91c7",
        "is_verified": false,
        "line_number": 37
      },
      {
        "type": "Secret Keyword",
        "filename": "SECURITY_INCIDENT_RESPONSE.md",
        "hashed_secret": "ac6c6de7e9533cc1f520da853a8c990dcf1b91c7",
        "is_verified": false,
        "line_number": 37
      },
      {
        "type": "Secret Keyword",
        "filename": "SECURITY_INCIDENT_RESPONSE.md",
        "hashed_secret": "e0979ff0103276b60b814bb49bd78fb9e7c05392",
        "is_verified": false,
        "line_number": 38
      },
      {
        "type": "Basic Auth Credentials",
        "filename": "SECURITY_INCIDENT_RESPONSE.md",
        "hashed_secret": "afc848c316af1a89d49826c5ae9d00ed769415f3",
        "is_verified": false,
        "line_number": 50
      }
    ],
    "TOOLS_SERVICE_POST_RELEASE_MONITORING.md": [
      {
        "type": "Secret Keyword",
        "filename": "TOOLS_SERVICE_POST_RELEASE_MONITORING.md",
        "hashed_secret": "a23d25dc28ccb808dc94c6d34d7f6758d6e04fff",
        "is_verified": false,
        "line_number": 393
      },
      {
        "type": "Secret Keyword",
        "filename": "TOOLS_SERVICE_POST_RELEASE_MONITORING.md",
        "hashed_secret": "2be88ca4242c76e8253ac62474851065032d6833",
        "is_verified": false,
        "line_number": 412
      }
    ],
    "TROUBLESHOOTING.md": [
      {
        "type": "Secret Keyword",
        "filename": "TROUBLESHOOTING.md",
        "hashed_secret": "f2c57870308dc87f432e5912d4de6f8e322721ba",
        "is_verified": false,
        "line_number": 291
      },
      {
        "type": "Basic Auth Credentials",
        "filename": "TROUBLESHOOTING.md",
        "hashed_secret": "f2c57870308dc87f432e5912d4de6f8e322721ba",
        "is_verified": false,
        "line_number": 294
      },
      {
        "type": "Basic Auth Credentials",
        "filename": "TROUBLESHOOTING.md",
        "hashed_secret": "112bb791304791ddcf692e29fd5cf149b35fea37",
        "is_verified": false,
        "line_number": 708
      }
    ],
    "docker-compose.test.yml": [
      {
        "type": "Secret Keyword",
        "filename": "docker-compose.test.yml",
        "hashed_secret": "9fb7fe1217aed442b04c0f5e43b5d5a7d3287097",
        "is_verified": false,
        "line_number": 43
      },
      {
        "type": "Basic Auth Credentials",
        "filename": "docker-compose.test.yml",
        "hashed_secret": "9fb7fe1217aed442b04c0f5e43b5d5a7d3287097",
        "is_verified": false,
        "line_number": 69
      },
      {
        "type": "Secret Keyword",
        "filename": "docker-compose.test.yml",
        "hashed_secret": "2f6715ea4a7cfcc88e91bb3a8fe6ce68d57c858e",
        "is_verified": false,
        "line_number": 71
      },
      {
        "type": "Secret Keyword",
        "filename": "docker-compose.test.yml",
        "hashed_secret": "6bd6d24b0272fc44ac6bda06280ae1151bec7182",
        "is_verified": false,
        "line_number": 72
      }
    ],
    "docs/DATA_SERVICE_API_DOCUMENTATION.md": [
      {
        "type": "Basic Auth Credentials",
        "filename": "docs/DATA_SERVICE_API_DOCUMENTATION.md",
        "hashed_secret": "9d4e1e23bd5b727046a9e3b4b7db57bd8d6ee684",
        "is_verified": false,
        "line_number": 1155
      }
    ],
    "docs/DATA_SERVICE_EXPLORATION_INDEX.md": [
      {
        "type": "Secret Keyword",
        "filename": "docs/DATA_SERVICE_EXPLORATION_INDEX.md",
        "hashed_secret": "27b924db06a28cc755fb07c54f0fddc30659fe4d",
        "is_verified": false,
        "line_number": 399
      }
    ],
    "docs/DATA_SERVICE_QUICK_REFERENCE.md": [
      {
        "type": "Basic Auth Credentials",
        "filename": "docs/DATA_SERVICE_QUICK_REFERENCE.md",
        "hashed_secret": "9d4e1e23bd5b727046a9e3b4b7db57bd8d6ee684",
        "is_verified": false,
        "line_number": 205
      },
      {
        "type": "Hex High Entropy String",
        "filename": "docs/DATA_SERVICE_QUICK_REFERENCE.md",
        "hashed_secret": "67a74306b06d0c01624fe0d0249a570f4d093747",
        "is_verified": false,
        "line_number": 266
      }
    ],
    "docs/GUARDIAN_EXPLORATION_INDEX.md": [
      {
        "type": "Secret Keyword",
        "filename": "docs/GUARDIAN_EXPLORATION_INDEX.md",
        "hashed_secret": "0e84f0c9afe873e4743c4fb24a017957b47e188d",
        "is_verified": false,
        "line_number": 346
      }
    ],
    "docs/GUARDIAN_QUICK_REFERENCE.md": [
      {
        "type": "Basic Auth Credentials",
        "filename": "docs/GUARDIAN_QUICK_REFERENCE.md",
        "hashed_secret": "9d4e1e23bd5b727046a9e3b4b7db57bd8d6ee684",
        "is_verified": false,
        "line_number": 328
      },
      {
        "type": "Secret Keyword",
        "filename": "docs/GUARDIAN_QUICK_REFERENCE.md",
        "hashed_secret": "38abc48c1eb5838519ab0372fbf38f1eb0f3f73c",
        "is_verified": false,
        "line_number": 403
      }
    ],
    "docs/TESTING_STRATEGY.md": [
      {
        "type": "Basic Auth Credentials",
        "filename": "docs/TESTING_STRATEGY.md",
        "hashed_secret": "9fb7fe1217aed442b04c0f5e43b5d5a7d3287097",
        "is_verified": false,
        "line_number": 73
      },
      {
        "type": "Secret Keyword",
        "filename": "docs/TESTING_STRATEGY.md",
        "hashed_secret": "789cbe0407840b1c2041cb33452ff60f19bf58cc",
        "is_verified": false,
        "line_number": 202
      },
      {
        "type": "Secret Keyword",
        "filename": "docs/TESTING_STRATEGY.md",
        "hashed_secret": "72559b51f94a7a3ad058c5740cbe2f7cb0d4080b",
        "is_verified": false,
        "line_number": 315
      },
      {
        "type": "Secret Keyword",
        "filename": "docs/TESTING_STRATEGY.md",
        "hashed_secret": "6809ffccad03b80fa1fbc32c17e7e054805ec30b",
        "is_verified": false,
        "line_number": 343
      }
    ],
    "docs/api-reference.html": [
      {
        "type": "Secret Keyword",
        "filename": "docs/api-reference.html",
        "hashed_secret": "cbfdac6008f9cab4083784cbd1874f76618d2a97",
        "is_verified": false,
        "line_number": 246
      }
    ],
    "docs/api/CONTRIBUTING.md": [
      {
        "type": "Secret Keyword",
        "filename": "docs/api/CONTRIBUTING.md",
        "hashed_secret": "5baa61e4c9b93f3f0682250b6cf8331b7ee68fd8",
        "is_verified": false,
        "line_number": 229
      }
    ],
    "docs/api/TEMPLATE.md": [
      {
        "type": "Secret Keyword",
        "filename": "docs/api/TEMPLATE.md",
        "hashed_secret": "45d676e7c6ab44cf4b8fa366ef2d8fccd3e6d6e6",
        "is_verified": false,
        "line_number": 38
      },
      {
        "type": "Secret Keyword",
        "filename": "docs/api/TEMPLATE.md",
        "hashed_secret": "5baa61e4c9b93f3f0682250b6cf8331b7ee68fd8",
        "is_verified": false,
        "line_number": 323
      }
    ],
    "docs/api/data/endpoints.md": [
      {
        "type": "Hex High Entropy String",
        "filename": "docs/api/data/endpoints.md",
        "hashed_secret": "244f421f896bdcdd2784dccf4eaf7c8dfd5189b5",
        "is_verified": false,
        "line_number": 294
      }
    ],
    "docs/api/guardian/endpoints.md": [
      {
        "type": "Base64 High Entropy String",
        "filename": "docs/api/guardian/endpoints.md",
        "hashed_secret": "ae0e6ad1d38c2748e8d65218ec7642ba044ce72f",
        "is_verified": false,
        "line_number": 81
      },
      {
        "type": "Secret Keyword",
        "filename": "docs/api/guardian/endpoints.md",
        "hashed_secret": "5d74f6b85300f47796f69a9c702ef946ec08f052",
        "is_verified": false,
        "line_number": 649
      },
      {
        "type": "Secret Keyword",
        "filename": "docs/api/guardian/endpoints.md",
        "hashed_secret": "a74a488434c27ca1d3e8f073bc197a63760d1050",
        "is_verified": false,
        "line_number": 776
      }
    ],
    "docs/api/identity/endpoints.md": [
      {
        "type": "Secret Keyword",
        "filename": "docs/api/identity/endpoints.md",
        "hashed_secret": "a6778f1880744bd1a342a8e3789135412d8f9da2",
        "is_verified": false,
        "line_number": 40
      },
      {
        "type": "JSON Web Token",
        "filename": "docs/api/identity/endpoints.md",
        "hashed_secret": "4d923855e672abbdf8aa8c3ee381fe883e27100e",
        "is_verified": false,
        "line_number": 58
      },
      {
        "type": "Secret Keyword",
        "filename": "docs/api/identity/endpoints.md",
        "hashed_secret": "905d125d12295c57e4de6eef7dda19f79557527d",
        "is_verified": false,
        "line_number": 210
      },
      {
        "type": "Secret Keyword",
        "filename": "docs/api/identity/endpoints.md",
        "hashed_secret": "5baa61e4c9b93f3f0682250b6cf8331b7ee68fd8",
        "is_verified": false,
        "line_number": 505
      }
    ],
    "docs/guardian/API_DOCS.md": [
      {
        "type": "Secret Keyword",
        "filename": "docs/guardian/API_DOCS.md",
        "hashed_secret": "45d676e7c6ab44cf4b8fa366ef2d8fccd3e6d6e6",
        "is_verified": false,
        "line_number": 35
      },
      {
        "type": "Secret Keyword",
        "filename": "docs/guardian/API_DOCS.md",
        "hashed_secret": "a616a64c0fbc30f12287d0f24f3b90dd2e6a206e",
        "is_verified": false,
        "line_number": 253
      },
      {
        "type": "Secret Keyword",
        "filename": "docs/guardian/API_DOCS.md",
        "hashed_secret": "4dbd60cf786b3aa8124d20298b832264745f6c9d",
        "is_verified": false,
        "line_number": 528
      }
    ],
    "docs/guardian/GETTING_STARTED.md": [
      {
        "type": "Basic Auth Credentials",
        "filename": "docs/guardian/GETTING_STARTED.md",
        "hashed_secret": "5baa61e4c9b93f3f0682250b6cf8331b7ee68fd8",
        "is_verified": false,
        "line_number": 168
      }
    ],
    "docs/guardian/README.md": [
      {
        "type": "Secret Keyword",
        "filename": "docs/guardian/README.md",
        "hashed_secret": "8e7b296bab33720866e2867d96d7a2ac7dd612fb",
        "is_verified": false,
        "line_number": 257
      }
    ],
    "docs/guides/credentials.md": [
      {
        "type": "Basic Auth Credentials",
        "filename": "docs/guides/credentials.md",
        "hashed_secret": "afc848c316af1a89d49826c5ae9d00ed769415f3",
        "is_verified": false,
        "line_number": 42
      },
      {
        "type": "Secret Keyword",
        "filename": "docs/guides/credentials.md",
        "hashed_secret": "fb17c437408f533b0eaba43d13cd0f908273f2dd",
        "is_verified": false,
        "line_number": 184
      }
    ],
    "docs/guides/quickstart.md": [
      {
        "type": "Basic Auth Credentials",
        "filename": "docs/guides/quickstart.md",
        "hashed_secret": "a616a64c0fbc30f12287d0f24f3b90dd2e6a206e",
        "is_verified": false,
        "line_number": 52
      },
      {
        "type": "Secret Keyword",
        "filename": "docs/guides/quickstart.md",
        "hashed_secret": "71973ea83d4e7f5bc73d22671756f528ad09b078",
        "is_verified": false,
        "line_number": 147
      }
    ],
    "docs/security/audit-report.md": [
      {
        "type": "Basic Auth Credentials",
        "filename": "docs/security/audit-report.md",
        "hashed_secret": "5baa61e4c9b93f3f0682250b6cf8331b7ee68fd8",
        "is_verified": false,
        "line_number": 37
      },
      {
        "type": "Basic Auth Credentials",
        "filename": "docs/security/audit-report.md",
        "hashed_secret": "afc848c316af1a89d49826c5ae9d00ed769415f3",
        "is_verified": false,
        "line_number": 205
      },
      {
        "type": "Secret Keyword",
        "filename": "docs/security/audit-report.md",
        "hashed_secret": "6615ef1e92b0234993c96c55152dc538b0e3c6bb",
        "is_verified": false,
        "line_number": 472
      },
      {
        "type": "Secret Keyword",
        "filename": "docs/security/audit-report.md",
        "hashed_secret": "c9b07c68e03e8645b291cb763875ed97e5935df4",
        "is_verified": false,
        "line_number": 478
      }
    ],
    "docs/security/findings.json": [
      {
        "type": "Secret Keyword",
        "filename": "docs/security/findings.json",
        "hashed_secret": "6615ef1e92b0234993c96c55152dc538b0e3c6bb",
        "is_verified": false,
        "line_number": 266
      }
    ],
    "docs/security/improvements-summary.md": [
      {
        "type": "Basic Auth Credentials",
        "filename": "docs/security/improvements-summary.md",
        "hashed_secret": "afc848c316af1a89d49826c5ae9d00ed769415f3",
        "is_verified": false,
        "line_number": 123
      }
    ],
    "docs/security/policy.md": [
      {
        "type": "Secret Keyword",
        "filename": "docs/security/policy.md",
        "hashed_secret": "1ee6634aeae178ff04ef4693bb8edf3cb1677712",
        "is_verified": false,
        "line_number": 123
      }
    ],
    "docs/security/remediation-checklist.md": [
      {
        "type": "Base64 High Entropy String",
        "filename": "docs/security/remediation-checklist.md",
        "hashed_secret": "3c36920042561d6c90777ee0d48034afd1bffed1",
        "is_verified": false,
        "line_number": 193
      },
      {
        "type": "Basic Auth Credentials",
        "filename": "docs/security/remediation-checklist.md",
        "hashed_secret": "afc848c316af1a89d49826c5ae9d00ed769415f3",
        "is_verified": false,
        "line_number": 272
      },
      {
        "type": "Secret Keyword",
        "filename": "docs/security/remediation-checklist.md",
        "hashed_secret": "6615ef1e92b0234993c96c55152dc538b0e3c6bb",
        "is_verified": false,
        "line_number": 657
      },
      {
        "type": "Secret Keyword",
        "filename": "docs/security/remediation-checklist.md",
        "hashed_secret": "943765da2eac3f13cebe6c60de6acb2ea1034f72",
        "is_verified": false,
        "line_number": 663
      }
    ],
    "open-security-agents/LLM_SETUP.md": [
      {
        "type": "Secret Keyword",
        "filename": "open-security-agents/LLM_SETUP.md",
        "hashed_secret": "1411a1041f47d8b0ddc9d07b732902c25fd5680a",
        "is_verified": false,
        "line_number": 123
      }
    ],
    "open-security-agents/README.md": [
      {
        "type": "Secret Keyword",
        "filename": "open-security-agents/README.md",
        "hashed_secret": "a2f2e97de6f7af39a9f208854d9106322af07d27",
        "is_verified": false,
        "line_number": 68
      }
    ],
    "open-security-agents/app/main.py": [
      {
        "type": "Secret Keyword",
        "filename": "open-security-agents/app/main.py",
        "hashed_secret": "26adb00e3d2ce26c9d600cf5c2a8e02304380ad2",
        "is_verified": false,
        "line_number": 66
      }
    ],
    "open-security-agents/tests/test_basic.py": [
      {
        "type": "Secret Keyword",
        "filename": "open-security-agents/tests/test_basic.py",
        "hashed_secret": "26adb00e3d2ce26c9d600cf5c2a8e02304380ad2",
        "is_verified": false,
        "line_number": 91
      }
    ],
    "open-security-automations/n8n-data/config": [
      {
        "type": "Base64 High Entropy String",
        "filename": "open-security-automations/n8n-data/config",
        "hashed_secret": "f9c897d1e1c941c3fbe31a4a650c7ee2650440ed",
        "is_verified": false,
        "line_number": 2
      }
    ],
    "open-security-cspm/README.md": [
      {
        "type": "Secret Keyword",
        "filename": "open-security-cspm/README.md",
        "hashed_secret": "29b8dca3de5ff27bcf8bd3b622adf9970f29381c",
        "is_verified": false,
        "line_number": 303
      }
    ],
    "open-security-cspm/app/checks/aws/iam/check_user_unused_credentials.py": [
      {
        "type": "Secret Keyword",
        "filename": "open-security-cspm/app/checks/aws/iam/check_user_unused_credentials.py",
        "hashed_secret": "08d2e98e6754af941484848930ccbaddfefe13d6",
        "is_verified": false,
        "line_number": 103
      }
    ],
    "open-security-cspm/app/schemas.py": [
      {
        "type": "AWS Access Key",
        "filename": "open-security-cspm/app/schemas.py",
        "hashed_secret": "25910f981e85ca04baf359199dd0bd4a3ae738b6",
        "is_verified": false,
        "line_number": 73
      },
      {
        "type": "Base64 High Entropy String",
        "filename": "open-security-cspm/app/schemas.py",
        "hashed_secret": "d70eab08607a4d05faa2d0d6647206599e9abc65",
        "is_verified": false,
        "line_number": 74
      },
      {
        "type": "Secret Keyword",
        "filename": "open-security-cspm/app/schemas.py",
        "hashed_secret": "d70eab08607a4d05faa2d0d6647206599e9abc65",
        "is_verified": false,
        "line_number": 74
      }
    ],
    "open-security-dashboard/.env.example": [
      {
        "type": "Basic Auth Credentials",
        "filename": "open-security-dashboard/.env.example",
        "hashed_secret": "5baa61e4c9b93f3f0682250b6cf8331b7ee68fd8",
        "is_verified": false,
        "line_number": 24
      }
    ],
    "open-security-dashboard/src/app/threat-intel/lookup/page.tsx": [
      {
        "type": "Hex High Entropy String",
        "filename": "open-security-dashboard/src/app/threat-intel/lookup/page.tsx",
        "hashed_secret": "67a74306b06d0c01624fe0d0249a570f4d093747",
        "is_verified": false,
        "line_number": 688
      }
    ],
    "open-security-dashboard/src/lib/api-client.ts": [
      {
        "type": "Secret Keyword",
        "filename": "open-security-dashboard/src/lib/api-client.ts",
        "hashed_secret": "5fb315c9aa599852f61f6a0f63ed769b1a471d09",
        "is_verified": false,
        "line_number": 42
      }
    ],
    "open-security-dashboard/test_auth_integration.sh": [
      {
        "type": "Secret Keyword",
        "filename": "open-security-dashboard/test_auth_integration.sh",
        "hashed_secret": "c18006fc138809314751cd1991f1e0b820fabd37",
        "is_verified": false,
        "line_number": 24
      }
    ],
    "open-security-dashboard/tests/README.md": [
      {
        "type": "Secret Keyword",
        "filename": "open-security-dashboard/tests/README.md",
        "hashed_secret": "b94e7a7707c2622433574aa55dbea0fbf93a5c1f",
        "is_verified": false,
        "line_number": 46
      },
      {
        "type": "Secret Keyword",
        "filename": "open-security-dashboard/tests/README.md",
        "hashed_secret": "c18006fc138809314751cd1991f1e0b820fabd37",
        "is_verified": false,
        "line_number": 299
      }
    ],
    "open-security-dashboard/tests/e2e/admin-comprehensive.spec.ts": [
      {
        "type": "Secret Keyword",
        "filename": "open-security-dashboard/tests/e2e/admin-comprehensive.spec.ts",
        "hashed_secret": "b94e7a7707c2622433574aa55dbea0fbf93a5c1f",
        "is_verified": false,
        "line_number": 9
      },
      {
        "type": "Secret Keyword",
        "filename": "open-security-dashboard/tests/e2e/admin-comprehensive.spec.ts",
        "hashed_secret": "c18006fc138809314751cd1991f1e0b820fabd37",
        "is_verified": false,
        "line_number": 14
      }
    ],
    "open-security-dashboard/tests/e2e/admin-ui-only.spec.ts": [
      {
        "type": "Secret Keyword",
        "filename": "open-security-dashboard/tests/e2e/admin-ui-only.spec.ts",
        "hashed_secret": "b94e7a7707c2622433574aa55dbea0fbf93a5c1f",
        "is_verified": false,
        "line_number": 9
      }
    ],
    "open-security-dashboard/tests/e2e/threat-intel-lookup.spec.ts": [
      {
        "type": "Hex High Entropy String",
        "filename": "open-security-dashboard/tests/e2e/threat-intel-lookup.spec.ts",
        "hashed_secret": "aec409e26b3d2528ec87cce2fb4ee998e50abc01",
        "is_verified": false,
        "line_number": 133
      }
    ],
    "open-security-data/.env.example": [
      {
        "type": "Basic Auth Credentials",
        "filename": "open-security-data/.env.example",
        "hashed_secret": "d695bd2e0584ef889109189301dee8e472ed996d",
        "is_verified": false,
        "line_number": 6
      }
    ],
    "open-security-data/README.md": [
      {
        "type": "Basic Auth Credentials",
        "filename": "open-security-data/README.md",
        "hashed_secret": "9d4e1e23bd5b727046a9e3b4b7db57bd8d6ee684",
        "is_verified": false,
        "line_number": 117
      }
    ],
    "open-security-data/VALIDATION_COMPLETE.md": [
      {
        "type": "Basic Auth Credentials",
        "filename": "open-security-data/VALIDATION_COMPLETE.md",
        "hashed_secret": "afc848c316af1a89d49826c5ae9d00ed769415f3",
        "is_verified": false,
        "line_number": 65
      }
    ],
    "open-security-data/app/config.py": [
      {
        "type": "Secret Keyword",
        "filename": "open-security-data/app/config.py",
        "hashed_secret": "f1bb7852ec6d55f5c9701fa44dc2403395647e7f",
        "is_verified": false,
        "line_number": 176
      }
    ],
    "open-security-data/docker-compose.yml": [
      {
        "type": "Secret Keyword",
        "filename": "open-security-data/docker-compose.yml",
        "hashed_secret": "d695bd2e0584ef889109189301dee8e472ed996d",
        "is_verified": false,
        "line_number": 17
      }
    ],
    "open-security-data/manage.py": [
      {
        "type": "Secret Keyword",
        "filename": "open-security-data/manage.py",
        "hashed_secret": "aecdccc1cf64595b34e0cc152d238daabb32183a",
        "is_verified": false,
        "line_number": 68
      }
    ],
    "open-security-data/scripts/init_feeds.py": [
      {
        "type": "Secret Keyword",
        "filename": "open-security-data/scripts/init_feeds.py",
        "hashed_secret": "d2aed6fe1b9fb7f48da133fbae832118dc50d36f",
        "is_verified": false,
        "line_number": 82
      }
    ],
    "open-security-gateway/nginx/conf.d/wildbox_gateway.conf": [
      {
        "type": "Secret Keyword",
        "filename": "open-security-gateway/nginx/conf.d/wildbox_gateway.conf",
        "hashed_secret": "f8ac6d291225afd3a3a96977a29d03014a355f29",
        "is_verified": false,
        "line_number": 562
      },
      {
        "type": "Secret Keyword",
        "filename": "open-security-gateway/nginx/conf.d/wildbox_gateway.conf",
        "hashed_secret": "5c288c5cc5b3f14eae3ee16a87fc89a1330759f8",
        "is_verified": false,
        "line_number": 583
      }
    ],
    "open-security-guardian/.env.example": [
      {
        "type": "Basic Auth Credentials",
        "filename": "open-security-guardian/.env.example",
        "hashed_secret": "5baa61e4c9b93f3f0682250b6cf8331b7ee68fd8",
        "is_verified": false,
        "line_number": 27
      },
      {
        "type": "Basic Auth Credentials",
        "filename": "open-security-guardian/.env.example",
        "hashed_secret": "8060afda5144bdb24d8ecdfa20aeba285424b03a",
        "is_verified": false,
        "line_number": 28
      }
    ],
    "open-security-guardian/README.md": [
      {
        "type": "Basic Auth Credentials",
        "filename": "open-security-guardian/README.md",
        "hashed_secret": "5baa61e4c9b93f3f0682250b6cf8331b7ee68fd8",
        "is_verified": false,
        "line_number": 367
      }
    ],
    "open-security-guardian/docker-compose.yml": [
      {
        "type": "Secret Keyword",
        "filename": "open-security-guardian/docker-compose.yml",
        "hashed_secret": "5d4e13728c3060508c4e528c73cba29df98bcc55",
        "is_verified": false,
        "line_number": 15
      }
    ],
    "open-security-guardian/guardian/settings.py": [
      {
        "type": "Basic Auth Credentials",
        "filename": "open-security-guardian/guardian/settings.py",
        "hashed_secret": "8060afda5144bdb24d8ecdfa20aeba285424b03a",
        "is_verified": false,
        "line_number": 113
      }
    ],
    "open-security-guardian/setup_dev.sh": [
      {
        "type": "Secret Keyword",
        "filename": "open-security-guardian/setup_dev.sh",
        "hashed_secret": "8060afda5144bdb24d8ecdfa20aeba285424b03a",
        "is_verified": false,
        "line_number": 145
      }
    ],
    "open-security-identity/.env.example": [
      {
        "type": "Basic Auth Credentials",
        "filename": "open-security-identity/.env.example",
        "hashed_secret": "5baa61e4c9b93f3f0682250b6cf8331b7ee68fd8",
        "is_verified": false,
        "line_number": 4
      },
      {
        "type": "Secret Keyword",
        "filename": "open-security-identity/.env.example",
        "hashed_secret": "ada81447a1b93adecb5a76e5067d80a251b16068",
        "is_verified": false,
        "line_number": 9
      },
      {
        "type": "Secret Keyword",
        "filename": "open-security-identity/.env.example",
        "hashed_secret": "ad7471e9bfc3dbd553c25ab906d7e3ab9b8c9629",
        "is_verified": false,
        "line_number": 14
      }
    ],
    "open-security-identity/README.md": [
      {
        "type": "Basic Auth Credentials",
        "filename": "open-security-identity/README.md",
        "hashed_secret": "9d4e1e23bd5b727046a9e3b4b7db57bd8d6ee684",
        "is_verified": false,
        "line_number": 143
      },
      {
        "type": "Secret Keyword",
        "filename": "open-security-identity/README.md",
        "hashed_secret": "33f220dd67f717cc949db63e21c90e130a6137da",
        "is_verified": false,
        "line_number": 144
      },
      {
        "type": "Secret Keyword",
        "filename": "open-security-identity/README.md",
        "hashed_secret": "d45082517bc6c093fec956bd1709b44548feb2fb",
        "is_verified": false,
        "line_number": 145
      },
      {
        "type": "Basic Auth Credentials",
        "filename": "open-security-identity/README.md",
        "hashed_secret": "5baa61e4c9b93f3f0682250b6cf8331b7ee68fd8",
        "is_verified": false,
        "line_number": 160
      }
    ],
    "open-security-identity/alembic.ini": [
      {
        "type": "Basic Auth Credentials",
        "filename": "open-security-identity/alembic.ini",
        "hashed_secret": "9d4e1e23bd5b727046a9e3b4b7db57bd8d6ee684",
        "is_verified": false,
        "line_number": 66
      }
    ],
    "open-security-identity/alembic/versions/a5f8beb20e7d_initial_schema.py": [
      {
        "type": "Hex High Entropy String",
        "filename": "open-security-identity/alembic/versions/a5f8beb20e7d_initial_schema.py",
        "hashed_secret": "190ec80bc4b57f3292e9727d3b0333635eae4fcb",
        "is_verified": false,
        "line_number": 16
      }
    ],
    "open-security-identity/alembic/versions/b1c2d3e4f5g6_add_is_verified_field.py": [
      {
        "type": "Hex High Entropy String",
        "filename": "open-security-identity/alembic/versions/b1c2d3e4f5g6_add_is_verified_field.py",
        "hashed_secret": "190ec80bc4b57f3292e9727d3b0333635eae4fcb",
        "is_verified": false,
        "line_number": 14
      }
    ],
    "open-security-identity/demo.py": [
      {
        "type": "Secret Keyword",
        "filename": "open-security-identity/demo.py",
        "hashed_secret": "08cd923367890009657eab812753379bdb321eeb",
        "is_verified": false,
        "line_number": 20
      }
    ],
    "open-security-identity/scripts/init.sh": [
      {
        "type": "Secret Keyword",
        "filename": "open-security-identity/scripts/init.sh",
        "hashed_secret": "94c45c7d62f41c4a8630760848a0410775424f44",
        "is_verified": false,
        "line_number": 73
      }
    ],
    "open-security-identity/scripts/setup.sh": [
      {
        "type": "Secret Keyword",
        "filename": "open-security-identity/scripts/setup.sh",
        "hashed_secret": "c18006fc138809314751cd1991f1e0b820fabd37",
        "is_verified": false,
        "line_number": 140
      }
    ],
    "open-security-identity/test_migration.py": [
      {
        "type": "Secret Keyword",
        "filename": "open-security-identity/test_migration.py",
        "hashed_secret": "c18006fc138809314751cd1991f1e0b820fabd37",
        "is_verified": false,
        "line_number": 25
      }
    ],
    "open-security-identity/tests/test_basic.py": [
      {
        "type": "Basic Auth Credentials",
        "filename": "open-security-identity/tests/test_basic.py",
        "hashed_secret": "afc848c316af1a89d49826c5ae9d00ed769415f3",
        "is_verified": false,
        "line_number": 17
      },
      {
        "type": "Secret Keyword",
        "filename": "open-security-identity/tests/test_basic.py",
        "hashed_secret": "c18006fc138809314751cd1991f1e0b820fabd37",
        "is_verified": false,
        "line_number": 86
      }
    ],
    "open-security-sensor/DOCKER.md": [
      {
        "type": "Secret Keyword",
        "filename": "open-security-sensor/DOCKER.md",
        "hashed_secret": "11fa7c37d697f30e6aee828b4426a10f83ab2380",
        "is_verified": false,
        "line_number": 318
      }
    ],
    "open-security-sensor/README.md": [
      {
        "type": "Secret Keyword",
        "filename": "open-security-sensor/README.md",
        "hashed_secret": "aecdccc1cf64595b34e0cc152d238daabb32183a",
        "is_verified": false,
        "line_number": 153
      }
    ],
    "open-security-sensor/config.docker.yaml": [
      {
        "type": "Secret Keyword",
        "filename": "open-security-sensor/config.docker.yaml",
        "hashed_secret": "aecdccc1cf64595b34e0cc152d238daabb32183a",
        "is_verified": false,
        "line_number": 6
      }
    ],
    "open-security-sensor/config.yaml": [
      {
        "type": "Secret Keyword",
        "filename": "open-security-sensor/config.yaml",
        "hashed_secret": "a2b33f386d6381836317d4697fe7e758acfdbf2d",
        "is_verified": false,
        "line_number": 6
      }
    ],
    "open-security-sensor/config.yaml.example": [
      {
        "type": "Secret Keyword",
        "filename": "open-security-sensor/config.yaml.example",
        "hashed_secret": "ce3502d739e9155513aa22f862f405c10eb3e800",
        "is_verified": false,
        "line_number": 6
      }
    ],
    "open-security-tools/.env.template": [
      {
        "type": "Basic Auth Credentials",
        "filename": "open-security-tools/.env.template",
        "hashed_secret": "5baa61e4c9b93f3f0682250b6cf8331b7ee68fd8",
        "is_verified": false,
        "line_number": 12
      }
    ],
    "open-security-tools/README.md": [
      {
        "type": "Secret Keyword",
        "filename": "open-security-tools/README.md",
        "hashed_secret": "2629f9b1872b569e9e2d5b9290a134fe731aae30",
        "is_verified": false,
        "line_number": 820
      }
    ],
    "open-security-tools/app/tools/iot_security_scanner/main.py": [
      {
        "type": "Secret Keyword",
        "filename": "open-security-tools/app/tools/iot_security_scanner/main.py",
        "hashed_secret": "d033e22ae348aeb5660fc2140aec35850c4da997",
        "is_verified": false,
        "line_number": 64
      }
    ],
    "open-security-tools/app/tools/malware_hash_checker/main.py": [
      {
        "type": "Hex High Entropy String",
        "filename": "open-security-tools/app/tools/malware_hash_checker/main.py",
        "hashed_secret": "3a6ac7922828b37df268f5013d9a5ab4f474cc1e",
        "is_verified": false,
        "line_number": 40
      },
      {
        "type": "Hex High Entropy String",
        "filename": "open-security-tools/app/tools/malware_hash_checker/main.py",
        "hashed_secret": "b0698c627c82c2f9f616e6fce6386ee17aa58ced",
        "is_verified": false,
        "line_number": 41
      },
      {
        "type": "Hex High Entropy String",
        "filename": "open-security-tools/app/tools/malware_hash_checker/main.py",
        "hashed_secret": "b55214017df9f2cf5fa18a8447dbb01539f8d007",
        "is_verified": false,
        "line_number": 44
      },
      {
        "type": "Hex High Entropy String",
        "filename": "open-security-tools/app/tools/malware_hash_checker/main.py",
        "hashed_secret": "17142e436bdbbbc752015b43a1d2107c58bfb661",
        "is_verified": false,
        "line_number": 47
      },
      {
        "type": "Hex High Entropy String",
        "filename": "open-security-tools/app/tools/malware_hash_checker/main.py",
        "hashed_secret": "75f3be87351a63f1c2f677632838f9e2be066891",
        "is_verified": false,
        "line_number": 50
      }
    ],
    "open-security-tools/app/tools/password_strength_analyzer/main.py": [
      {
        "type": "Secret Keyword",
        "filename": "open-security-tools/app/tools/password_strength_analyzer/main.py",
        "hashed_secret": "461d756810aacff1457fa75c83159e677cb08d73",
        "is_verified": false,
        "line_number": 505
      },
      {
        "type": "Secret Keyword",
        "filename": "open-security-tools/app/tools/password_strength_analyzer/main.py",
        "hashed_secret": "2b0133ec1f70538cc9e7e33d632c81e9e1f0b117",
        "is_verified": false,
        "line_number": 521
      }
    ],
    "open-security-tools/app/tools/static_malware_analyzer/main.py": [
      {
        "type": "Hex High Entropy String",
        "filename": "open-security-tools/app/tools/static_malware_analyzer/main.py",
        "hashed_secret": "0f869632dedf073cb0587e8dfa43ec94c872abfc",
        "is_verified": false,
        "line_number": 455
      },
      {
        "type": "Hex High Entropy String",
        "filename": "open-security-tools/app/tools/static_malware_analyzer/main.py",
        "hashed_secret": "1fb586718403e6b398655502d2114f5ac27badd1",
        "is_verified": false,
        "line_number": 456
      },
      {
        "type": "Hex High Entropy String",
        "filename": "open-security-tools/app/tools/static_malware_analyzer/main.py",
        "hashed_secret": "4028a0e356acc947fcd2bfbf00cef11e128d484a",
        "is_verified": false,
        "line_number": 457
      }
    ],
    "open-security-tools/app/web/static/vendor/redoc/redoc.standalone.js": [
      {
        "type": "Secret Keyword",
        "filename": "open-security-tools/app/web/static/vendor/redoc/redoc.standalone.js",
        "hashed_secret": "18e8825cfbdac2baadd667383d22165713d4d4b5",
        "is_verified": false,
        "line_number": 2
      },
      {
        "type": "Secret Keyword",
        "filename": "open-security-tools/app/web/static/vendor/redoc/redoc.standalone.js",
        "hashed_secret": "53e07a32bf191d6917ee6fd863f0b52632a86798",
        "is_verified": false,
        "line_number": 2
      },
      {
        "type": "Base64 High Entropy String",
        "filename": "open-security-tools/app/web/static/vendor/redoc/redoc.standalone.js",
        "hashed_secret": "fd8201493aad9512bb25129219813806e68b2c51",
        "is_verified": false,
        "line_number": 2
      },
      {
        "type": "Secret Keyword",
        "filename": "open-security-tools/app/web/static/vendor/redoc/redoc.standalone.js",
        "hashed_secret": "47acd2028cf81b5da88ddeedb2aea4eca4b71fbd",
        "is_verified": false,
        "line_number": 1320
      }
    ],
    "open-security-tools/app/web/templates/guide.html": [
      {
        "type": "Secret Keyword",
        "filename": "open-security-tools/app/web/templates/guide.html",
        "hashed_secret": "e0979ff0103276b60b814bb49bd78fb9e7c05392",
        "is_verified": false,
        "line_number": 340
      },
      {
        "type": "Secret Keyword",
        "filename": "open-security-tools/app/web/templates/guide.html",
        "hashed_secret": "5511f686886d221301df6d849ba9b1d31c925120",
        "is_verified": false,
        "line_number": 1220
      },
      {
        "type": "Secret Keyword",
        "filename": "open-security-tools/app/web/templates/guide.html",
        "hashed_secret": "9950ea264c6a08c5fed71ad1bcb471681cd83146",
        "is_verified": false,
        "line_number": 1221
      }
    ],
    "open-security-tools/setup_security.sh": [
      {
        "type": "Secret Keyword",
        "filename": "open-security-tools/setup_security.sh",
        "hashed_secret": "d033e22ae348aeb5660fc2140aec35850c4da997",
        "is_verified": false,
        "line_number": 129
      },
      {
        "type": "Secret Keyword",
        "filename": "open-security-tools/setup_security.sh",
        "hashed_secret": "dc76e9f0c0006e8f919e0c515c66dbba3982f785",
        "is_verified": false,
        "line_number": 131
      }
    ],
    "scripts/shell-scripts/final_auth_verification.sh": [
      {
        "type": "Secret Keyword",
        "filename": "scripts/shell-scripts/final_auth_verification.sh",
        "hashed_secret": "ce2d995dd7c3c187111ee3641f42eccb79e3cc93",
        "is_verified": false,
        "line_number": 11
      }
    ],
    "scripts/shell-scripts/validate_env.sh": [
      {
        "type": "Base64 High Entropy String",
        "filename": "scripts/shell-scripts/validate_env.sh",
        "hashed_secret": "8e98b7116dee85bb9246f689d77fd0875ac770eb",
        "is_verified": false,
        "line_number": 53
      },
      {
        "type": "Base64 High Entropy String",
        "filename": "scripts/shell-scripts/validate_env.sh",
        "hashed_secret": "47ff6286a991b5c0bfe69fdcd195b1db9649d82a",
        "is_verified": false,
        "line_number": 54
      },
      {
        "type": "Base64 High Entropy String",
        "filename": "scripts/shell-scripts/validate_env.sh",
        "hashed_secret": "ac6c6de7e9533cc1f520da853a8c990dcf1b91c7",
        "is_verified": false,
        "line_number": 73
      }
    ],
    "tests/.env.example": [
      {
        "type": "Basic Auth Credentials",
        "filename": "tests/.env.example",
        "hashed_secret": "596223fda3a68195cd669e2ec87b605c8cb903b3",
        "is_verified": false,
        "line_number": 20
      }
    ],
    "tests/integration/conftest.py": [
      {
        "type": "Secret Keyword",
        "filename": "tests/integration/conftest.py",
        "hashed_secret": "386dc0003aaed6fac4a2d471004182cda585c78a",
        "is_verified": false,
        "line_number": 226
      }
    ],
    "tests/integration/test_data_integration.py": [
      {
        "type": "Hex High Entropy String",
        "filename": "tests/integration/test_data_integration.py",
        "hashed_secret": "67a74306b06d0c01624fe0d0249a570f4d093747",
        "is_verified": false,
        "line_number": 54
      }
    ],
    "tests/integration/test_identity_comprehensive.py": [
      {
        "type": "Secret Keyword",
        "filename": "tests/integration/test_identity_comprehensive.py",
        "hashed_secret": "ab3eb0f868f05373c611a6c904ae319ff0772c0c",
        "is_verified": false,
        "line_number": 92
      }
    ],
    "tests/integration/test_identity_service.py": [
      {
        "type": "Secret Keyword",
        "filename": "tests/integration/test_identity_service.py",
        "hashed_secret": "6809ffccad03b80fa1fbc32c17e7e054805ec30b",
        "is_verified": false,
        "line_number": 37
      },
      {
        "type": "Secret Keyword",
        "filename": "tests/integration/test_identity_service.py",
        "hashed_secret": "63cd8863c6c57d46e03039e60d2f157e50d69c62",
        "is_verified": false,
        "line_number": 59
      }
    ],
    "tests/integration/test_tools_execution.py": [
      {
        "type": "Secret Keyword",
        "filename": "tests/integration/test_tools_execution.py",
        "hashed_secret": "8308651804facb7b9af8ffc53a33a22d6a1c8ac2",
        "is_verified": false,
        "line_number": 141
      },
      {
        "type": "Secret Keyword",
        "filename": "tests/integration/test_tools_execution.py",
        "hashed_secret": "382caa7c44ee23ee25616f7e303af33c591efc3a",
        "is_verified": false,
        "line_number": 254
      }
    ],
    "tests/reports/junit.xml": [
      {
        "type": "Hex High Entropy String",
        "filename": "tests/reports/junit.xml",
        "hashed_secret": "eee0d9aa24fe238295e2d7c275f485c08da3585f",
        "is_verified": false,
        "line_number": 1
      }
    ],
    "tests/test_api_key_e2e.py": [
      {
        "type": "Secret Keyword",
        "filename": "tests/test_api_key_e2e.py",
        "hashed_secret": "34ad4531592cb8f09eb6fdd15229ed5140ee45c0",
        "is_verified": false,
        "line_number": 20
      }
    ],
    "tests/test_dashboard_auth_endpoints.js": [
      {
        "type": "Secret Keyword",
        "filename": "tests/test_dashboard_auth_endpoints.js",
        "hashed_secret": "382caa7c44ee23ee25616f7e303af33c591efc3a",
        "is_verified": false,
        "line_number": 14
      }
    ],
    "tests/test_dashboard_auth_fix.sh": [
      {
        "type": "Secret Keyword",
        "filename": "tests/test_dashboard_auth_fix.sh",
        "hashed_secret": "ce2d995dd7c3c187111ee3641f42eccb79e3cc93",
        "is_verified": false,
        "line_number": 13
      }
    ],
    "tests/test_gateway_auth_complete.sh": [
      {
        "type": "Secret Keyword",
        "filename": "tests/test_gateway_auth_complete.sh",
        "hashed_secret": "7b25c8f8a5aea9e58d09af52309cae6a96a5dafd",
        "is_verified": false,
        "line_number": 13
      },
      {
        "type": "Secret Keyword",
        "filename": "tests/test_gateway_auth_complete.sh",
        "hashed_secret": "c18006fc138809314751cd1991f1e0b820fabd37",
        "is_verified": false,
        "line_number": 15
      }
    ],
    "tests/test_identity_comprehensive.py": [
      {
        "type": "Secret Keyword",
        "filename": "tests/test_identity_comprehensive.py",
        "hashed_secret": "8d66a53a381493bec08da23cef5a43767f20a42c",
        "is_verified": false,
        "line_number": 80
      },
      {
        "type": "Secret Keyword",
        "filename": "tests/test_identity_comprehensive.py",
        "hashed_secret": "228a10e6b013b91cb98b428d4388af35f00fa6d4",
        "is_verified": false,
        "line_number": 85
      },
      {
        "type": "Secret Keyword",
        "filename": "tests/test_identity_comprehensive.py",
        "hashed_secret": "cac176eff28468101d38d4e2c301e4827293c84d",
        "is_verified": false,
        "line_number": 90
      },
      {
        "type": "Secret Keyword",
        "filename": "tests/test_identity_comprehensive.py",
        "hashed_secret": "b1fe1c703c12b7d4a8aac7c0451e8d0423327fc9",
        "is_verified": false,
        "line_number": 95
      }
    ],
    "tests/test_login_flow.js": [
      {
        "type": "Secret Keyword",
        "filename": "tests/test_login_flow.js",
        "hashed_secret": "f865b53623b121fd34ee5426c792e5c33af8c227",
        "is_verified": false,
        "line_number": 24
      }
    ],
    "tests/utils/auth_helpers.py": [
      {
        "type": "Secret Keyword",
        "filename": "tests/utils/auth_helpers.py",
        "hashed_secret": "bc7d0af48032303599f08bd3942c3cad9768348f",
        "is_verified": false,
        "line_number": 84
      },
      {
        "type": "Secret Keyword",
        "filename": "tests/utils/auth_helpers.py",
        "hashed_secret": "dfae1487c54cc6d36e378f7faa6220eea5c0a50c",
        "is_verified": false,
        "line_number": 90
      },
      {
        "type": "Secret Keyword",
        "filename": "tests/utils/auth_helpers.py",
        "hashed_secret": "6f18b4e0383da78b38033958e18c49a424c1faa3",
        "is_verified": false,
        "line_number": 96
      },
      {
        "type": "Secret Keyword",
        "filename": "tests/utils/auth_helpers.py",
        "hashed_secret": "4be9158f691bb58301ad343a0a3c592b18ffdc3d",
        "is_verified": false,
        "line_number": 102
      }
    ],
    "tests/utils/test_data_generator.py": [
      {
        "type": "Hex High Entropy String",
        "filename": "tests/utils/test_data_generator.py",
        "hashed_secret": "67a74306b06d0c01624fe0d0249a570f4d093747",
        "is_verified": false,
        "line_number": 34
      },
      {
        "type": "Hex High Entropy String",
        "filename": "tests/utils/test_data_generator.py",
        "hashed_secret": "0f869632dedf073cb0587e8dfa43ec94c872abfc",
        "is_verified": false,
        "line_number": 35
      },
      {
        "type": "Hex High Entropy String",
        "filename": "tests/utils/test_data_generator.py",
        "hashed_secret": "4028a0e356acc947fcd2bfbf00cef11e128d484a",
        "is_verified": false,
        "line_number": 36
      },
      {
        "type": "Hex High Entropy String",
        "filename": "tests/utils/test_data_generator.py",
        "hashed_secret": "d86c161a7c71d0ad6ae3093d12aa5a18a2a79158",
        "is_verified": false,
        "line_number": 37
      },
      {
        "type": "Hex High Entropy String",
        "filename": "tests/utils/test_data_generator.py",
        "hashed_secret": "384c3ee960c3b0fbd094f7aa18032ec82c3f53fb",
        "is_verified": false,
        "line_number": 38
      }
    ],
    "tests/verify_endpoints.sh": [
      {
        "type": "Secret Keyword",
        "filename": "tests/verify_endpoints.sh",
        "hashed_secret": "a0f031c0e0d839fd138518f30cc80c2dfa78ebf4",
        "is_verified": false,
        "line_number": 15
      },
      {
        "type": "Secret Keyword",
        "filename": "tests/verify_endpoints.sh",
        "hashed_secret": "20e741d3399dba007089f674d4504a881527a99a",
        "is_verified": false,
        "line_number": 16
      }
    ],
    "use-cases/web-attack-detection/README.md": [
      {
        "type": "Secret Keyword",
        "filename": "use-cases/web-attack-detection/README.md",
        "hashed_secret": "aecdccc1cf64595b34e0cc152d238daabb32183a",
        "is_verified": false,
        "line_number": 101
      }
    ],
    "use-cases/web-attack-detection/quick-start.sh": [
      {
        "type": "Secret Keyword",
        "filename": "use-cases/web-attack-detection/quick-start.sh",
        "hashed_secret": "7b25c8f8a5aea9e58d09af52309cae6a96a5dafd",
        "is_verified": false,
        "line_number": 100
      }
    ],
    "website/docs/02-getting-started/quickstart.md": [
      {
        "type": "Basic Auth Credentials",
        "filename": "website/docs/02-getting-started/quickstart.md",
        "hashed_secret": "a616a64c0fbc30f12287d0f24f3b90dd2e6a206e",
        "is_verified": false,
        "line_number": 52
      },
      {
        "type": "Secret Keyword",
        "filename": "website/docs/02-getting-started/quickstart.md",
        "hashed_secret": "71973ea83d4e7f5bc73d22671756f528ad09b078",
        "is_verified": false,
        "line_number": 139
      }
    ],
    "website/docs/05-api-reference/overview.md": [
      {
        "type": "Secret Keyword",
        "filename": "website/docs/05-api-reference/overview.md",
        "hashed_secret": "a616a64c0fbc30f12287d0f24f3b90dd2e6a206e",
        "is_verified": false,
        "line_number": 31
      },
      {
        "type": "Secret Keyword",
        "filename": "website/docs/05-api-reference/overview.md",
        "hashed_secret": "5baa61e4c9b93f3f0682250b6cf8331b7ee68fd8",
        "is_verified": false,
        "line_number": 174
      }
    ]
  },
  "generated_at": "2025-11-23T22:07:03Z"
}
